
     Program DYNMAT v.7.4.1 starts on  3Sep2026 at 19:54: 0 

     This program is part of the open-source Quantum ESPRESSO suite
     for quantum simulation of materials; please cite
         "P. Giannozzi et al., J. Phys.:Condens. Matter 21 395502 (2009);
         "P. Giannozzi et al., J. Phys.:Condens. Matter 29 465901 (2017);
         "P. Giannozzi et al., J. Chem. Phys. 152 154105 (2020);
          URL http://www.quantum-espresso.org", 
     in publications or presentations arising from this work. More details at
     http://www.quantum-espresso.org/quote

     Parallel version (MPI), running on     4 processors

     MPI processes distributed on     1 nodes
     R & G space division:  proc/nbgrp/npool/nimage =       4
     13862 MiB available memory on the printing compute node when the environment starts


     Reading Dynamical Matrix from file diamond.dyn1
     ...Force constants read
     ...epsilon and Z* read
     Acoustic Sum Rule: || Z*(ASR) - Z*(orig)|| =    2.153815E-02
     Acoustic Sum Rule: ||dyn(ASR) - dyn(orig)||=    5.105830E-03
     A direction for q was not specified:TO-LO splitting will be absent

     Polarizability (A^3 units)
     multiply by 0.379974 for Clausius-Mossotti correction
         4.439330   -0.006965   -0.006965
        -0.006965    4.439330    0.006965
        -0.006965    0.006965    4.439330

     IR activities are in (D/A)^2/amu units

# mode   [cm-1]    [THz]      IR
    1     -0.00   -0.0000    0.0000
    2      0.00    0.0000    0.0000
    3      0.00    0.0000    0.0000
    4   1282.98   38.4629    0.0000
    5   1291.52   38.7187    0.0000
    6   1291.52   38.7187    0.0000

Electronic dielectric permittivity tensor (relative, adimensional)
         5.895285   -0.007681   -0.007681
        -0.007681    5.895285    0.007681
        -0.007681    0.007681    5.895285

 ... with zone-center polar mode contributions
         5.895285   -0.007681   -0.007681
        -0.007681    5.895285    0.007681
        -0.007681    0.007681    5.895285


     DYNMAT       :      0.00s CPU      0.01s WALL


   This run was terminated on:  19:54: 0   3Sep2026            

=------------------------------------------------------------------------------=
   JOB DONE.
=------------------------------------------------------------------------------=
